---
http_interactions:
- request:
    method: get
    uri: http://maps.googleapis.com/maps/api/geocode/json?address=98164&language=en&sensor=false
    body:
      encoding: US-ASCII
      string: ''
    headers:
      Accept-Encoding:
      - gzip;q=1.0,deflate;q=0.6,identity;q=0.3
      Accept:
      - '*/*'
      User-Agent:
      - Ruby
  response:
    status:
      code: 200
      message: OK
    headers:
      Content-Type:
      - application/json; charset=UTF-8
      Date:
      - Sat, 30 Aug 2014 01:03:20 GMT
      Expires:
      - Sun, 31 Aug 2014 01:03:20 GMT
      Cache-Control:
      - public, max-age=86400
      Access-Control-Allow-Origin:
      - '*'
      Server:
      - mafe
      X-Xss-Protection:
      - 1; mode=block
      X-Frame-Options:
      - SAMEORIGIN
      Alternate-Protocol:
      - 80:quic
      Transfer-Encoding:
      - chunked
    body:
      encoding: UTF-8
      string: |
        {
           "results" : [
              {
                 "address_components" : [
                    {
                       "long_name" : "98164",
                       "short_name" : "98164",
                       "types" : [ "postal_code" ]
                    },
                    {
                       "long_name" : "Central Business District",
                       "short_name" : "Central Business District",
                       "types" : [ "neighborhood", "political" ]
                    },
                    {
                       "long_name" : "Seattle",
                       "short_name" : "Seattle",
                       "types" : [ "locality", "political" ]
                    },
                    {
                       "long_name" : "King County",
                       "short_name" : "King County",
                       "types" : [ "administrative_area_level_2", "political" ]
                    },
                    {
                       "long_name" : "Washington",
                       "short_name" : "WA",
                       "types" : [ "administrative_area_level_1", "political" ]
                    },
                    {
                       "long_name" : "United States",
                       "short_name" : "US",
                       "types" : [ "country", "political" ]
                    }
                 ],
                 "formatted_address" : "Seattle, WA 98164, USA",
                 "geometry" : {
                    "bounds" : {
                       "northeast" : {
                          "lat" : 47.607265,
                          "lng" : -122.3311479
                       },
                       "southwest" : {
                          "lat" : 47.60537189999999,
                          "lng" : -122.3335642
                       }
                    },
                    "location" : {
                       "lat" : 47.606503,
                       "lng" : -122.3323955
                    },
                    "location_type" : "APPROXIMATE",
                    "viewport" : {
                       "northeast" : {
                          "lat" : 47.60766743029149,
                          "lng" : -122.3310070697085
                       },
                       "southwest" : {
                          "lat" : 47.60496946970849,
                          "lng" : -122.3337050302915
                       }
                    }
                 },
                 "types" : [ "postal_code" ]
              }
           ],
           "status" : "OK"
        }
    http_version: 
  recorded_at: Sat, 30 Aug 2014 01:03:20 GMT
- request:
    method: get
    uri: http://maps.googleapis.com/maps/api/geocode/json?address=98164&language=en&sensor=false
    body:
      encoding: US-ASCII
      string: ''
    headers:
      Accept-Encoding:
      - gzip;q=1.0,deflate;q=0.6,identity;q=0.3
      Accept:
      - '*/*'
      User-Agent:
      - Ruby
  response:
    status:
      code: 200
      message: OK
    headers:
      Content-Type:
      - application/json; charset=UTF-8
      Date:
      - Sat, 30 Aug 2014 01:03:21 GMT
      Expires:
      - Sun, 31 Aug 2014 01:03:21 GMT
      Cache-Control:
      - public, max-age=86400
      Access-Control-Allow-Origin:
      - '*'
      Server:
      - mafe
      X-Xss-Protection:
      - 1; mode=block
      X-Frame-Options:
      - SAMEORIGIN
      Alternate-Protocol:
      - 80:quic
      Transfer-Encoding:
      - chunked
    body:
      encoding: UTF-8
      string: |
        {
           "results" : [
              {
                 "address_components" : [
                    {
                       "long_name" : "98164",
                       "short_name" : "98164",
                       "types" : [ "postal_code" ]
                    },
                    {
                       "long_name" : "Central Business District",
                       "short_name" : "Central Business District",
                       "types" : [ "neighborhood", "political" ]
                    },
                    {
                       "long_name" : "Seattle",
                       "short_name" : "Seattle",
                       "types" : [ "locality", "political" ]
                    },
                    {
                       "long_name" : "King County",
                       "short_name" : "King County",
                       "types" : [ "administrative_area_level_2", "political" ]
                    },
                    {
                       "long_name" : "Washington",
                       "short_name" : "WA",
                       "types" : [ "administrative_area_level_1", "political" ]
                    },
                    {
                       "long_name" : "United States",
                       "short_name" : "US",
                       "types" : [ "country", "political" ]
                    }
                 ],
                 "formatted_address" : "Seattle, WA 98164, USA",
                 "geometry" : {
                    "bounds" : {
                       "northeast" : {
                          "lat" : 47.607265,
                          "lng" : -122.3311479
                       },
                       "southwest" : {
                          "lat" : 47.60537189999999,
                          "lng" : -122.3335642
                       }
                    },
                    "location" : {
                       "lat" : 47.606503,
                       "lng" : -122.3323955
                    },
                    "location_type" : "APPROXIMATE",
                    "viewport" : {
                       "northeast" : {
                          "lat" : 47.60766743029149,
                          "lng" : -122.3310070697085
                       },
                       "southwest" : {
                          "lat" : 47.60496946970849,
                          "lng" : -122.3337050302915
                       }
                    }
                 },
                 "types" : [ "postal_code" ]
              }
           ],
           "status" : "OK"
        }
    http_version: 
  recorded_at: Sat, 30 Aug 2014 01:03:21 GMT
- request:
    method: head
    uri: http://www.google.com/
    body:
      encoding: US-ASCII
      string: ''
    headers:
      Accept:
      - '*/*'
      User-Agent:
      - Ruby
  response:
    status:
      code: 200
      message: OK
    headers:
      Date:
      - Sat, 30 Aug 2014 01:03:21 GMT
      Expires:
      - '-1'
      Cache-Control:
      - private, max-age=0
      Content-Type:
      - text/html; charset=ISO-8859-1
      Set-Cookie:
      - NID=67=c59Gli5lH1o1V--ziESVPfpod8mOEqVv7RjiplHLZvv6cVqCZCmI7scAlWFTqL2SnseiNniA9-_CUMUNScznQ0NE0ybZKm6iJqRUbWtBYndCIPR_jkJPsX2sz_TxoLBj;
        expires=Sun, 01-Mar-2015 01:03:21 GMT; path=/; domain=.google.com; HttpOnly
      - PREF=ID=3446f8f8d1170b04:FF=0:TM=1409360601:LM=1409360601:S=_JR5oplpkbqfq8n3;
        expires=Mon, 29-Aug-2016 01:03:21 GMT; path=/; domain=.google.com
      P3p:
      - CP="This is not a P3P policy! See http://www.google.com/support/accounts/bin/answer.py?hl=en&answer=151657
        for more info."
      Server:
      - gws
      X-Xss-Protection:
      - 1; mode=block
      X-Frame-Options:
      - SAMEORIGIN
      Alternate-Protocol:
      - 80:quic
      Transfer-Encoding:
      - chunked
    body:
      encoding: UTF-8
      string: ''
    http_version: 
  recorded_at: Sat, 30 Aug 2014 01:03:21 GMT
- request:
    method: head
    uri: http://www.google.com/
    body:
      encoding: US-ASCII
      string: ''
    headers:
      Accept:
      - '*/*'
      User-Agent:
      - Ruby
  response:
    status:
      code: 200
      message: OK
    headers:
      Date:
      - Sat, 30 Aug 2014 01:03:21 GMT
      Expires:
      - '-1'
      Cache-Control:
      - private, max-age=0
      Content-Type:
      - text/html; charset=ISO-8859-1
      Set-Cookie:
      - NID=67=dGoRPa934pJsv4MNGbhEVg164hmwjRB4kfWxb7tC_2SdFQ-ex00vq7iQXtQL2mBA7_Ky2RkJZSNQNZkJLi47ile-toIx1f9kntFtD07jiz79VR6MON1NqCsiLOdLA9Br;
        expires=Sun, 01-Mar-2015 01:03:21 GMT; path=/; domain=.google.com; HttpOnly
      - PREF=ID=18cfcef934e22cc0:FF=0:TM=1409360601:LM=1409360601:S=eiCk6COrPnZZv8ei;
        expires=Mon, 29-Aug-2016 01:03:21 GMT; path=/; domain=.google.com
      P3p:
      - CP="This is not a P3P policy! See http://www.google.com/support/accounts/bin/answer.py?hl=en&answer=151657
        for more info."
      Server:
      - gws
      X-Xss-Protection:
      - 1; mode=block
      X-Frame-Options:
      - SAMEORIGIN
      Alternate-Protocol:
      - 80:quic
      Transfer-Encoding:
      - chunked
    body:
      encoding: UTF-8
      string: ''
    http_version: 
  recorded_at: Sat, 30 Aug 2014 01:03:21 GMT
recorded_with: VCR 2.9.0
