---
http_interactions:
- request:
    method: get
    uri: http://maps.googleapis.com/maps/api/geocode/json?address=98164&language=en&sensor=false
    body:
      encoding: US-ASCII
      string: ''
    headers:
      Accept-Encoding:
      - gzip;q=1.0,deflate;q=0.6,identity;q=0.3
      Accept:
      - '*/*'
      User-Agent:
      - Ruby
  response:
    status:
      code: 200
      message: OK
    headers:
      Content-Type:
      - application/json; charset=UTF-8
      Date:
      - Sat, 30 Aug 2014 00:57:44 GMT
      Expires:
      - Sun, 31 Aug 2014 00:57:44 GMT
      Cache-Control:
      - public, max-age=86400
      Access-Control-Allow-Origin:
      - '*'
      Server:
      - mafe
      X-Xss-Protection:
      - 1; mode=block
      X-Frame-Options:
      - SAMEORIGIN
      Alternate-Protocol:
      - 80:quic
      Transfer-Encoding:
      - chunked
    body:
      encoding: UTF-8
      string: |
        {
           "results" : [
              {
                 "address_components" : [
                    {
                       "long_name" : "98164",
                       "short_name" : "98164",
                       "types" : [ "postal_code" ]
                    },
                    {
                       "long_name" : "Central Business District",
                       "short_name" : "Central Business District",
                       "types" : [ "neighborhood", "political" ]
                    },
                    {
                       "long_name" : "Seattle",
                       "short_name" : "Seattle",
                       "types" : [ "locality", "political" ]
                    },
                    {
                       "long_name" : "King County",
                       "short_name" : "King County",
                       "types" : [ "administrative_area_level_2", "political" ]
                    },
                    {
                       "long_name" : "Washington",
                       "short_name" : "WA",
                       "types" : [ "administrative_area_level_1", "political" ]
                    },
                    {
                       "long_name" : "United States",
                       "short_name" : "US",
                       "types" : [ "country", "political" ]
                    }
                 ],
                 "formatted_address" : "Seattle, WA 98164, USA",
                 "geometry" : {
                    "bounds" : {
                       "northeast" : {
                          "lat" : 47.607265,
                          "lng" : -122.3311479
                       },
                       "southwest" : {
                          "lat" : 47.60537189999999,
                          "lng" : -122.3335642
                       }
                    },
                    "location" : {
                       "lat" : 47.606503,
                       "lng" : -122.3323955
                    },
                    "location_type" : "APPROXIMATE",
                    "viewport" : {
                       "northeast" : {
                          "lat" : 47.60766743029149,
                          "lng" : -122.3310070697085
                       },
                       "southwest" : {
                          "lat" : 47.60496946970849,
                          "lng" : -122.3337050302915
                       }
                    }
                 },
                 "types" : [ "postal_code" ]
              }
           ],
           "status" : "OK"
        }
    http_version: 
  recorded_at: Sat, 30 Aug 2014 00:57:44 GMT
- request:
    method: get
    uri: http://maps.googleapis.com/maps/api/geocode/json?address=98164&language=en&sensor=false
    body:
      encoding: US-ASCII
      string: ''
    headers:
      Accept-Encoding:
      - gzip;q=1.0,deflate;q=0.6,identity;q=0.3
      Accept:
      - '*/*'
      User-Agent:
      - Ruby
  response:
    status:
      code: 200
      message: OK
    headers:
      Content-Type:
      - application/json; charset=UTF-8
      Date:
      - Sat, 30 Aug 2014 00:57:44 GMT
      Expires:
      - Sun, 31 Aug 2014 00:57:44 GMT
      Cache-Control:
      - public, max-age=86400
      Access-Control-Allow-Origin:
      - '*'
      Server:
      - mafe
      X-Xss-Protection:
      - 1; mode=block
      X-Frame-Options:
      - SAMEORIGIN
      Alternate-Protocol:
      - 80:quic
      Transfer-Encoding:
      - chunked
    body:
      encoding: UTF-8
      string: |
        {
           "results" : [
              {
                 "address_components" : [
                    {
                       "long_name" : "98164",
                       "short_name" : "98164",
                       "types" : [ "postal_code" ]
                    },
                    {
                       "long_name" : "Central Business District",
                       "short_name" : "Central Business District",
                       "types" : [ "neighborhood", "political" ]
                    },
                    {
                       "long_name" : "Seattle",
                       "short_name" : "Seattle",
                       "types" : [ "locality", "political" ]
                    },
                    {
                       "long_name" : "King County",
                       "short_name" : "King County",
                       "types" : [ "administrative_area_level_2", "political" ]
                    },
                    {
                       "long_name" : "Washington",
                       "short_name" : "WA",
                       "types" : [ "administrative_area_level_1", "political" ]
                    },
                    {
                       "long_name" : "United States",
                       "short_name" : "US",
                       "types" : [ "country", "political" ]
                    }
                 ],
                 "formatted_address" : "Seattle, WA 98164, USA",
                 "geometry" : {
                    "bounds" : {
                       "northeast" : {
                          "lat" : 47.607265,
                          "lng" : -122.3311479
                       },
                       "southwest" : {
                          "lat" : 47.60537189999999,
                          "lng" : -122.3335642
                       }
                    },
                    "location" : {
                       "lat" : 47.606503,
                       "lng" : -122.3323955
                    },
                    "location_type" : "APPROXIMATE",
                    "viewport" : {
                       "northeast" : {
                          "lat" : 47.60766743029149,
                          "lng" : -122.3310070697085
                       },
                       "southwest" : {
                          "lat" : 47.60496946970849,
                          "lng" : -122.3337050302915
                       }
                    }
                 },
                 "types" : [ "postal_code" ]
              }
           ],
           "status" : "OK"
        }
    http_version: 
  recorded_at: Sat, 30 Aug 2014 00:57:44 GMT
- request:
    method: head
    uri: http://www.google.com/
    body:
      encoding: US-ASCII
      string: ''
    headers:
      Accept:
      - '*/*'
      User-Agent:
      - Ruby
  response:
    status:
      code: 200
      message: OK
    headers:
      Date:
      - Sat, 30 Aug 2014 00:57:44 GMT
      Expires:
      - '-1'
      Cache-Control:
      - private, max-age=0
      Content-Type:
      - text/html; charset=ISO-8859-1
      Set-Cookie:
      - NID=67=hsUv0Odp09pSyZ0yW1VGzN65jhgSQAxFbQg681aX4GJiV_ii4wzl7BpNBW22PBX8pySHG-b566Uaq5nah1F7lHTkMJEcvOL1qIMrodzwYb12AJWRsXNkg6Ct4gNQfDgD;
        expires=Sun, 01-Mar-2015 00:57:44 GMT; path=/; domain=.google.com; HttpOnly
      - PREF=ID=8567d1f664004042:FF=0:TM=1409360264:LM=1409360264:S=U_JhrRr_2oOrCD-g;
        expires=Mon, 29-Aug-2016 00:57:44 GMT; path=/; domain=.google.com
      P3p:
      - CP="This is not a P3P policy! See http://www.google.com/support/accounts/bin/answer.py?hl=en&answer=151657
        for more info."
      Server:
      - gws
      X-Xss-Protection:
      - 1; mode=block
      X-Frame-Options:
      - SAMEORIGIN
      Alternate-Protocol:
      - 80:quic
      Transfer-Encoding:
      - chunked
    body:
      encoding: UTF-8
      string: ''
    http_version: 
  recorded_at: Sat, 30 Aug 2014 00:57:45 GMT
- request:
    method: head
    uri: http://www.google.com/
    body:
      encoding: US-ASCII
      string: ''
    headers:
      Accept:
      - '*/*'
      User-Agent:
      - Ruby
  response:
    status:
      code: 200
      message: OK
    headers:
      Date:
      - Sat, 30 Aug 2014 00:57:45 GMT
      Expires:
      - '-1'
      Cache-Control:
      - private, max-age=0
      Content-Type:
      - text/html; charset=ISO-8859-1
      Set-Cookie:
      - NID=67=ZOi1g_Ozd-emDSyJbQOagl-h8tgoDOsFNPtz_Zp_eg8TGj8F2h25eIsztqJLE4WmlPaBj1yD_cw4d_dMylG2yEeSajouD7KVJ_XhGHFLnSFw_zwZSKZtKY1YHRGSFPbF;
        expires=Sun, 01-Mar-2015 00:57:45 GMT; path=/; domain=.google.com; HttpOnly
      - PREF=ID=a5d0feeeb1c44f59:FF=0:TM=1409360265:LM=1409360265:S=vaLlxwrJIq3ANWQh;
        expires=Mon, 29-Aug-2016 00:57:45 GMT; path=/; domain=.google.com
      P3p:
      - CP="This is not a P3P policy! See http://www.google.com/support/accounts/bin/answer.py?hl=en&answer=151657
        for more info."
      Server:
      - gws
      X-Xss-Protection:
      - 1; mode=block
      X-Frame-Options:
      - SAMEORIGIN
      Alternate-Protocol:
      - 80:quic
      Transfer-Encoding:
      - chunked
    body:
      encoding: UTF-8
      string: ''
    http_version: 
  recorded_at: Sat, 30 Aug 2014 00:57:45 GMT
- request:
    method: get
    uri: http://maps.googleapis.com/maps/api/geocode/json?address=98164&language=en&sensor=false
    body:
      encoding: US-ASCII
      string: ''
    headers:
      Accept-Encoding:
      - gzip;q=1.0,deflate;q=0.6,identity;q=0.3
      Accept:
      - '*/*'
      User-Agent:
      - Ruby
  response:
    status:
      code: 200
      message: OK
    headers:
      Content-Type:
      - application/json; charset=UTF-8
      Date:
      - Sat, 30 Aug 2014 00:57:45 GMT
      Expires:
      - Sun, 31 Aug 2014 00:57:45 GMT
      Cache-Control:
      - public, max-age=86400
      Access-Control-Allow-Origin:
      - '*'
      Server:
      - mafe
      X-Xss-Protection:
      - 1; mode=block
      X-Frame-Options:
      - SAMEORIGIN
      Alternate-Protocol:
      - 80:quic
      Transfer-Encoding:
      - chunked
    body:
      encoding: UTF-8
      string: |
        {
           "results" : [
              {
                 "address_components" : [
                    {
                       "long_name" : "98164",
                       "short_name" : "98164",
                       "types" : [ "postal_code" ]
                    },
                    {
                       "long_name" : "Central Business District",
                       "short_name" : "Central Business District",
                       "types" : [ "neighborhood", "political" ]
                    },
                    {
                       "long_name" : "Seattle",
                       "short_name" : "Seattle",
                       "types" : [ "locality", "political" ]
                    },
                    {
                       "long_name" : "King County",
                       "short_name" : "King County",
                       "types" : [ "administrative_area_level_2", "political" ]
                    },
                    {
                       "long_name" : "Washington",
                       "short_name" : "WA",
                       "types" : [ "administrative_area_level_1", "political" ]
                    },
                    {
                       "long_name" : "United States",
                       "short_name" : "US",
                       "types" : [ "country", "political" ]
                    }
                 ],
                 "formatted_address" : "Seattle, WA 98164, USA",
                 "geometry" : {
                    "bounds" : {
                       "northeast" : {
                          "lat" : 47.607265,
                          "lng" : -122.3311479
                       },
                       "southwest" : {
                          "lat" : 47.60537189999999,
                          "lng" : -122.3335642
                       }
                    },
                    "location" : {
                       "lat" : 47.606503,
                       "lng" : -122.3323955
                    },
                    "location_type" : "APPROXIMATE",
                    "viewport" : {
                       "northeast" : {
                          "lat" : 47.60766743029149,
                          "lng" : -122.3310070697085
                       },
                       "southwest" : {
                          "lat" : 47.60496946970849,
                          "lng" : -122.3337050302915
                       }
                    }
                 },
                 "types" : [ "postal_code" ]
              }
           ],
           "status" : "OK"
        }
    http_version: 
  recorded_at: Sat, 30 Aug 2014 00:57:45 GMT
- request:
    method: get
    uri: http://maps.googleapis.com/maps/api/geocode/json?address=98164&language=en&sensor=false
    body:
      encoding: US-ASCII
      string: ''
    headers:
      Accept-Encoding:
      - gzip;q=1.0,deflate;q=0.6,identity;q=0.3
      Accept:
      - '*/*'
      User-Agent:
      - Ruby
  response:
    status:
      code: 200
      message: OK
    headers:
      Content-Type:
      - application/json; charset=UTF-8
      Date:
      - Sat, 30 Aug 2014 00:57:45 GMT
      Expires:
      - Sun, 31 Aug 2014 00:57:45 GMT
      Cache-Control:
      - public, max-age=86400
      Access-Control-Allow-Origin:
      - '*'
      Server:
      - mafe
      X-Xss-Protection:
      - 1; mode=block
      X-Frame-Options:
      - SAMEORIGIN
      Alternate-Protocol:
      - 80:quic
      Transfer-Encoding:
      - chunked
    body:
      encoding: UTF-8
      string: |
        {
           "results" : [
              {
                 "address_components" : [
                    {
                       "long_name" : "98164",
                       "short_name" : "98164",
                       "types" : [ "postal_code" ]
                    },
                    {
                       "long_name" : "Central Business District",
                       "short_name" : "Central Business District",
                       "types" : [ "neighborhood", "political" ]
                    },
                    {
                       "long_name" : "Seattle",
                       "short_name" : "Seattle",
                       "types" : [ "locality", "political" ]
                    },
                    {
                       "long_name" : "King County",
                       "short_name" : "King County",
                       "types" : [ "administrative_area_level_2", "political" ]
                    },
                    {
                       "long_name" : "Washington",
                       "short_name" : "WA",
                       "types" : [ "administrative_area_level_1", "political" ]
                    },
                    {
                       "long_name" : "United States",
                       "short_name" : "US",
                       "types" : [ "country", "political" ]
                    }
                 ],
                 "formatted_address" : "Seattle, WA 98164, USA",
                 "geometry" : {
                    "bounds" : {
                       "northeast" : {
                          "lat" : 47.607265,
                          "lng" : -122.3311479
                       },
                       "southwest" : {
                          "lat" : 47.60537189999999,
                          "lng" : -122.3335642
                       }
                    },
                    "location" : {
                       "lat" : 47.606503,
                       "lng" : -122.3323955
                    },
                    "location_type" : "APPROXIMATE",
                    "viewport" : {
                       "northeast" : {
                          "lat" : 47.60766743029149,
                          "lng" : -122.3310070697085
                       },
                       "southwest" : {
                          "lat" : 47.60496946970849,
                          "lng" : -122.3337050302915
                       }
                    }
                 },
                 "types" : [ "postal_code" ]
              }
           ],
           "status" : "OK"
        }
    http_version: 
  recorded_at: Sat, 30 Aug 2014 00:57:45 GMT
- request:
    method: head
    uri: http://www.google.com/
    body:
      encoding: US-ASCII
      string: ''
    headers:
      Accept:
      - '*/*'
      User-Agent:
      - Ruby
  response:
    status:
      code: 200
      message: OK
    headers:
      Date:
      - Sat, 30 Aug 2014 00:57:45 GMT
      Expires:
      - '-1'
      Cache-Control:
      - private, max-age=0
      Content-Type:
      - text/html; charset=ISO-8859-1
      Set-Cookie:
      - NID=67=pHXlCH5xCXN8Uoeg-ouW9DunpaTDLXDVfKn_ayUD059TnJl72fZ2FI8o3tOtMxsmkwclYStgsla_S85WKZEgx0I0nEJ33t9GeQSqYfDhp58s-Z0lqAPR2-ycuFvwg2nh;
        expires=Sun, 01-Mar-2015 00:57:45 GMT; path=/; domain=.google.com; HttpOnly
      - PREF=ID=d52c8695aa1a8c4a:FF=0:TM=1409360265:LM=1409360265:S=v7DsOXjZOQjQnKKo;
        expires=Mon, 29-Aug-2016 00:57:45 GMT; path=/; domain=.google.com
      P3p:
      - CP="This is not a P3P policy! See http://www.google.com/support/accounts/bin/answer.py?hl=en&answer=151657
        for more info."
      Server:
      - gws
      X-Xss-Protection:
      - 1; mode=block
      X-Frame-Options:
      - SAMEORIGIN
      Alternate-Protocol:
      - 80:quic
      Transfer-Encoding:
      - chunked
    body:
      encoding: UTF-8
      string: ''
    http_version: 
  recorded_at: Sat, 30 Aug 2014 00:57:45 GMT
- request:
    method: head
    uri: http://www.google.com/
    body:
      encoding: US-ASCII
      string: ''
    headers:
      Accept:
      - '*/*'
      User-Agent:
      - Ruby
  response:
    status:
      code: 200
      message: OK
    headers:
      Date:
      - Sat, 30 Aug 2014 00:57:45 GMT
      Expires:
      - '-1'
      Cache-Control:
      - private, max-age=0
      Content-Type:
      - text/html; charset=ISO-8859-1
      Set-Cookie:
      - NID=67=C3l6fkZ4Yx3MwTZTK9YuZKARGJ8Z2QY5FcMaEKM_5bkI6KZZbWPooEs6VTZS7Kvoz2FQqUHw6J1VKOwL-EkywR-XVf1xyu9V9pdNj2DJq5kkwLonK2uJGT74CoJu22o9;
        expires=Sun, 01-Mar-2015 00:57:45 GMT; path=/; domain=.google.com; HttpOnly
      - PREF=ID=676d626c88e7e30d:FF=0:TM=1409360265:LM=1409360265:S=T7YWg15N6C6-zE_I;
        expires=Mon, 29-Aug-2016 00:57:45 GMT; path=/; domain=.google.com
      P3p:
      - CP="This is not a P3P policy! See http://www.google.com/support/accounts/bin/answer.py?hl=en&answer=151657
        for more info."
      Server:
      - gws
      X-Xss-Protection:
      - 1; mode=block
      X-Frame-Options:
      - SAMEORIGIN
      Alternate-Protocol:
      - 80:quic
      Transfer-Encoding:
      - chunked
    body:
      encoding: UTF-8
      string: ''
    http_version: 
  recorded_at: Sat, 30 Aug 2014 00:57:45 GMT
recorded_with: VCR 2.9.0
